// Jest Snapshot v1, https://goo.gl/fbAQLP

exports[`should render ExpenseList with Expenses 1`] = `
<div>
  <h1>
    Expense List
  </h1>
  <ExpenseListItem
    amount={195}
    createdAt={0}
    description="Gum"
    id="1"
    key="1"
    note=""
  />
  <ExpenseListItem
    amount={1095}
    createdAt={-345600000}
    description="Rent"
    id="2"
    key="2"
    note=""
  />
  <ExpenseListItem
    amount={4500}
    createdAt={345600000}
    description="Credit Card"
    id="3"
    key="3"
    note=""
  />
</div>
`;

exports[`should render ExpenseList with empty Expenses 1`] = `
<div>
  <h1>
    Expense List
  </h1>
  <p>
    No Expenses
  </p>
</div>
`;

exports[`should render ExpenseListItem with expense 1`] = `
<div>
  <Link
    to="/edit/undefined"
  >
    <p />
  </Link>
  <p>
     - 
  </p>
</div>
`;
